Microchip MPLAB XC8 Compiler V2.05 ()

Linker command line:

-W-3 --edf=C:\Program Files (x86)\Microchip\xc8\v2.05\pic\dat\en_msgs.txt \
  -cs -h+dist/default/production\badineri_bach_2_floppy.X.production.sym \
  --cmf=dist/default/production\badineri_bach_2_floppy.X.production.cmf -z \
  -Q18F26K22 -oC:\Users\danie\AppData\Local\Temp\sbrs.2 \
  --defsym=__MPLAB_BUILD=1 \
  -Mdist/default/production/badineri_bach_2_floppy.X.production.map -E1 \
  -ver=XC8 --acfsm=1493 -ASTACK=0A0h-0F37h -pstack=STACK -ACODE=00h-0FFFFh \
  -ACONST=00h-0FFFFh -ASMALLCONST=01000h-010FFhx240 \
  -AMEDIUMCONST=01000h-0FFFFh -ACOMRAM=01h-05Fh -AABS1=00h-0F37h \
  -ABIGRAM=01h-0F37h -ARAM=060h-0FFh,0100h-01FFhx14,0F00h-0F37h \
  -ABANK0=060h-0FFh -ABANK1=0100h-01FFh -ABANK2=0200h-02FFh \
  -ABANK3=0300h-03FFh -ABANK4=0400h-04FFh -ABANK5=0500h-05FFh \
  -ABANK6=0600h-06FFh -ABANK7=0700h-07FFh -ABANK8=0800h-08FFh \
  -ABANK9=0900h-09FFh -ABANK10=0A00h-0AFFh -ABANK11=0B00h-0BFFh \
  -ABANK12=0C00h-0CFFh -ABANK13=0D00h-0DFFh -ABANK14=0E00h-0EFFh \
  -ABANK15=0F00h-0F37h -ASFR=0F38h-0F5Fh,0F60h-0FFFh \
  -preset_vec=00h,intcode=08h,intcodelo,powerup,init -pramtop=01000h \
  -psmallconst=SMALLCONST -pmediumconst=MEDIUMCONST -pconst=CONST \
  -AFARRAM=00h-00h -ACONFIG=0300000h-030000Dh -pconfig=CONFIG \
  -AIDLOC=0200000h-0200007h -pidloc=IDLOC -AEEDATA=0F00000h-0F003FFh \
  -peeprom_data=EEDATA \
  -prdata=COMRAM,nvrram=COMRAM,nvbit=COMRAM,rbss=COMRAM,rbit=COMRAM \
  -pfarbss=FARRAM,fardata=FARRAM,nvFARRAM=FARRAM \
  -pintsave_regs=BIGRAM,bigbss=BIGRAM,bigdata=BIGRAM -pbss=RAM \
  -pidata=CODE,irdata=CODE,ibigdata=CODE,ifardata=CODE -prparam=COMRAM \
  C:\Users\danie\AppData\Local\Temp\sbrs.o \
  dist/default/production\badineri_bach_2_floppy.X.production.o 

Object code version is 3.11

Machine type is 18F26K22

Call graph: (short form)




                Name                               Link     Load   Length Selector   Space Scale
C:\Users\danie\AppData\Local\Temp\sbrs.o
                init                                 62       62        4        4       0
                reset_vec                             0        0        4        0       0
                idloc                            200000   200000        8   200000       0
                config                           300000   300000        E   300000       0
dist/default/production\badineri_bach_2_floppy.X.production.o
                intcode                               8        8       5A        4       0
                temp                                 47       47        1        1       1
                smallconst                         1000     1000       40      800       0
                text23                             5416     5416       10      820       0
                text22                             53D2     53D2       1A      820       0
                text21                             533C     533C       28      820       0
                text20                             538A     538A       26      820       0
                text19                             52E0     52E0       30      820       0
                text18                             52A2     52A2       3E      820       0
                text17                             4C3A     4C3A      13A      820       0
                text16                             4872     4872      288      820       0
                text15                             4566     4566      30C      820       0
                text14                             525C     525C       46      820       0
                text13                             50DA     50DA       BA      820       0
                text12                             4AFA     4AFA      140      820       0
                text11                             4D74     4D74      100      820       0
                text10                             5310     5310       2C      820       0
                text9                              1040     1040     3526      820       0
                text8                              5426     5426        C      820       0
                text7                              5194     5194       72      820       0
                text6                              4F4C     4F4C       D0      820       0
                text5                              5206     5206       56      820       0
                text4                              5364     5364       26      820       0
                text3                              53EC     53EC       16      820       0
                text2                              5402     5402       14      820       0
                text1                              501C     501C       BE      820       0
                text0                              4E74     4E74       D8      820       0
                cstackCOMRAM                          1        1       42        1       1
                cstackBANK0                          88       88       18       60       1
                bssBANK0                             60       60       28       60       1
                bssCOMRAM                            43       43        4        1       1
                cinit                              53B0     53B0       22      820       0

TOTAL           Name                               Link     Load   Length     Space
        CLASS   STACK          

        CLASS   CODE           
                intcode                               8        8       5A         0
                init                                 62       62        4         0
                reset_vec                             0        0        4         0
                text23                             5416     5416       10         0
                text22                             53D2     53D2       1A         0
                text21                             533C     533C       28         0
                text20                             538A     538A       26         0
                text19                             52E0     52E0       30         0
                text18                             52A2     52A2       3E         0
                text17                             4C3A     4C3A      13A         0
                text16                             4872     4872      288         0
                text15                             4566     4566      30C         0
                text14                             525C     525C       46         0
                text13                             50DA     50DA       BA         0
                text12                             4AFA     4AFA      140         0
                text11                             4D74     4D74      100         0
                text10                             5310     5310       2C         0
                text9                              1040     1040     3526         0
                text8                              5426     5426        C         0
                text7                              5194     5194       72         0
                text6                              4F4C     4F4C       D0         0
                text5                              5206     5206       56         0
                text4                              5364     5364       26         0
                text3                              53EC     53EC       16         0
                text2                              5402     5402       14         0
                text1                              501C     501C       BE         0
                text0                              4E74     4E74       D8         0
                cinit                              53B0     53B0       22         0

        CLASS   CONST          

        CLASS   SMALLCONST     
                smallconst                         1000     1000       40         0

        CLASS   MEDIUMCONST    

        CLASS   COMRAM         
                temp                                 47       47        1         1
                cstackCOMRAM                          1        1       42         1
                bssCOMRAM                            43       43        4         1

        CLASS   ABS1           

        CLASS   BIGRAM         

        CLASS   RAM            

        CLASS   BANK0          
                cstackBANK0                          88       88       18         1
                bssBANK0                             60       60       28         1

        CLASS   BANK1          

        CLASS   BANK2          

        CLASS   BANK3          

        CLASS   BANK4          

        CLASS   BANK5          

        CLASS   BANK6          

        CLASS   BANK7          

        CLASS   BANK8          

        CLASS   BANK9          

        CLASS   BANK10         

        CLASS   BANK11         

        CLASS   BANK12         

        CLASS   BANK13         

        CLASS   BANK14         

        CLASS   BANK15         

        CLASS   SFR            

        CLASS   FARRAM         

        CLASS   CONFIG         
                config                           300000   300000        E         0

        CLASS   IDLOC          
                idloc                            200000   200000        8         0

        CLASS   EEDATA         



SEGMENTS        Name                           Load    Length   Top    Selector   Space  Class

                reset_vec                      000000  000004  000004         0       0  CODE    
                cstackCOMRAM                   000001  000047  000048         1       1  COMRAM  
                intcode                        000008  00005E  000066         4       0  CODE    
                bssBANK0                       000060  000040  0000A0        60       1  BANK0   
                smallconst                     001000  000040  001040       800       0  SMALLCON
                text9                          001040  0043F2  005432       820       0  CODE    
                idloc                          200000  000008  200008    200000       0  IDLOC   
                config                         300000  00000E  30000E    300000       0  CONFIG  


UNUSED ADDRESS RANGES

        Name                Unused          Largest block    Delta
        BANK0            0000A0-0000FF               60
        BANK1            000100-0001FF              100
        BANK10           000A00-000AFF              100
        BANK11           000B00-000BFF              100
        BANK12           000C00-000CFF              100
        BANK13           000D00-000DFF              100
        BANK14           000E00-000EFF              100
        BANK15           000F00-000F37               38
        BANK2            000200-0002FF              100
        BANK3            000300-0003FF              100
        BANK4            000400-0004FF              100
        BANK5            000500-0005FF              100
        BANK6            000600-0006FF              100
        BANK7            000700-0007FF              100
        BANK8            000800-0008FF              100
        BANK9            000900-0009FF              100
        BIGRAM           000048-00005F               18
                         0000A0-000F37              E98
        CODE             000004-000007                4
                         000066-000FFF              F9A
                         005432-00FFFF             ABCE
        COMRAM           000048-00005F               18
        CONST            000004-000007                4
                         000066-000FFF              F9A
                         005432-00FFFF             ABCE
        EEDATA           F00000-F003FF              400
        MEDIUMCONST      005432-00FFFF             ABCE
        RAM              0000A0-000F37              100
        SFR              000F38-000FFF               28
        SMALLCONST       005432-00FFFF              100
        STACK            0000A0-000F37              E98

                                  Symbol Table

?___fladd                       cstackCOMRAM 000002
?___fldiv                       cstackCOMRAM 000010
?___flsub                       cstackCOMRAM 000029
?___fltol                       cstackCOMRAM 000031
?___wmul                        cstackCOMRAM 000002
?___xxtofl                      cstackCOMRAM 000002
?_atoi                          cstackCOMRAM 000009
?_fputc                         cstackCOMRAM 000003
?_isdigit                       cstackCOMRAM 000002
?_isspace                       cstackCOMRAM 000002
?_printf                        cstackCOMRAM 00001A
?_vfpfcnvrt                     cstackCOMRAM 00000C
?_vfprintf                      cstackCOMRAM 000012
Beep@duration                   cstackCOMRAM 00003D
Beep@frequency                  cstackCOMRAM 00003B
Beep@i                          cstackCOMRAM 000040
_ANSELA                         (abs)        000F38
_ANSELAbits                     (abs)        000F38
_ANSELC                         (abs)        000F3A
_BAUDCON1bits                   (abs)        000FB8
_Beep                           text11       004D74
_INTCONbits                     (abs)        000FF2
_ISR                            intcode      000008
_LATAbits                       (abs)        000F89
_OSCCONbits                     (abs)        000FD3
_OSCILLATOR_Initialize          text23       005416
_OSCTUNEbits                    (abs)        000F9B
_PIE1bits                       (abs)        000F9D
_PIR1bits                       (abs)        000F9E
_RCREG1                         (abs)        000FAE
_RCSTA1bits                     (abs)        000FAB
_SPBRG1                         (abs)        000FAF
_SPBRGH1                        (abs)        000FB0
_T1CONbits                      (abs)        000FCD
_TIMER1_Initialize              text22       0053D2
_TMR1                           (abs)        000FCE
_TRISAbits                      (abs)        000F92
_TRISCbits                      (abs)        000F94
_TXREG1                         (abs)        000FAD
_TXSTA1bits                     (abs)        000FAC
_UART_Initialize                text21       00533C
__CFG_BOREN$SBORDIS             (abs)        000000
__CFG_BORV$190                  (abs)        000000
__CFG_FCMEN$                    (abs)        000000
__CFG_FOSC$INTIO67              (abs)        000000
__CFG_IESO$                     (abs)        000000
__CFG_PLLCFG$                   (abs)        000000
__CFG_PRICLKEN$                 (abs)        000001
__CFG_PWRTEN$                   (abs)        000000
__CFG_WDTEN$                    (abs)        000000
__CFG_WDTPS$32768               (abs)        000000
__HRAM                          (abs)        000000
__Habs1                         abs1         000000
__Hbank0                        bank0        000000
__Hbank1                        bank1        000000
__Hbank10                       bank10       000000
__Hbank11                       bank11       000000
__Hbank12                       bank12       000000
__Hbank13                       bank13       000000
__Hbank14                       bank14       000000
__Hbank15                       bank15       000000
__Hbank2                        bank2        000000
__Hbank3                        bank3        000000
__Hbank4                        bank4        000000
__Hbank5                        bank5        000000
__Hbank6                        bank6        000000
__Hbank7                        bank7        000000
__Hbank8                        bank8        000000
__Hbank9                        bank9        000000
__Hbigbss                       bigbss       000000
__Hbigdata                      bigdata      000000
__Hbigram                       bigram       000000
__Hbss                          bss          000000
__HbssBANK0                     bssBANK0     000000
__HbssCOMRAM                    bssCOMRAM    000000
__Hcinit                        cinit        000000
__Hclrtext                      clrtext      000000
__Hcomram                       comram       000000
__Hconfig                       config       30000E
__Hconst                        const        000000
__HcstackBANK0                  cstackBANK0  000000
__HcstackCOMRAM                 cstackCOMRAM 000000
__Hdata                         data         000000
__Heeprom_data                  eeprom_data  000000
__Hfarbss                       farbss       000000
__Hfardata                      fardata      000000
__Hibigdata                     ibigdata     000000
__Hidata                        idata        000000
__Hidloc                        idloc        200008
__Hifardata                     ifardata     000000
__Hinit                         init         000066
__Hintcode                      intcode      000062
__Hintcode_body                 intcode_body 000000
__Hintcodelo                    intcodelo    000062
__Hintentry                     intentry     000000
__Hintret                       intret       000000
__Hintsave_regs                 intsave_regs 000000
__Hirdata                       irdata       000000
__Hmediumconst                  mediumconst  000000
__HnvFARRAM                     nvFARRAM     000000
__Hnvbit                        nvbit        000000
__Hnvrram                       nvrram       000000
__Hparam                        rparam       000000
__Hpowerup                      powerup      000062
__Hram                          ram          000000
__Hramtop                       ramtop       001000
__Hrbit                         rbit         000000
__Hrbss                         rbss         000000
__Hrdata                        rdata        000000
__Hreset_vec                    reset_vec    000004
__Hrparam                       rparam       000000
__Hsfr                          sfr          000000
__Hsmallconst                   smallconst   001040
__Hspace_0                      (abs)        30000E
__Hspace_1                      (abs)        0000A0
__Hspace_2                      (abs)        000000
__Hstack                        stack        000000
__Hstruct                       struct       000000
__Htemp                         temp         000048
__Htext                         text         000000
__Htext0                        text0        000000
__Htext1                        text1        000000
__Htext10                       text10       000000
__Htext11                       text11       000000
__Htext12                       text12       000000
__Htext13                       text13       000000
__Htext14                       text14       000000
__Htext15                       text15       000000
__Htext16                       text16       000000
__Htext17                       text17       000000
__Htext18                       text18       000000
__Htext19                       text19       000000
__Htext2                        text2        000000
__Htext20                       text20       000000
__Htext21                       text21       000000
__Htext22                       text22       000000
__Htext23                       text23       000000
__Htext3                        text3        000000
__Htext4                        text4        000000
__Htext5                        text5        000000
__Htext6                        text6        000000
__Htext7                        text7        000000
__Htext8                        text8        000000
__Htext9                        text9        000000
__LRAM                          (abs)        000001
__Labs1                         abs1         000000
__Lbank0                        bank0        000000
__Lbank1                        bank1        000000
__Lbank10                       bank10       000000
__Lbank11                       bank11       000000
__Lbank12                       bank12       000000
__Lbank13                       bank13       000000
__Lbank14                       bank14       000000
__Lbank15                       bank15       000000
__Lbank2                        bank2        000000
__Lbank3                        bank3        000000
__Lbank4                        bank4        000000
__Lbank5                        bank5        000000
__Lbank6                        bank6        000000
__Lbank7                        bank7        000000
__Lbank8                        bank8        000000
__Lbank9                        bank9        000000
__Lbigbss                       bigbss       000000
__Lbigdata                      bigdata      000000
__Lbigram                       bigram       000000
__Lbss                          bss          000000
__LbssBANK0                     bssBANK0     000000
__LbssCOMRAM                    bssCOMRAM    000000
__Lcinit                        cinit        000000
__Lclrtext                      clrtext      000000
__Lcomram                       comram       000000
__Lconfig                       config       300000
__Lconst                        const        000000
__LcstackBANK0                  cstackBANK0  000000
__LcstackCOMRAM                 cstackCOMRAM 000000
__Ldata                         data         000000
__Leeprom_data                  eeprom_data  000000
__Lfarbss                       farbss       000000
__Lfardata                      fardata      000000
__Libigdata                     ibigdata     000000
__Lidata                        idata        000000
__Lidloc                        idloc        200000
__Lifardata                     ifardata     000000
__Linit                         init         000062
__Lintcode                      intcode      000008
__Lintcode_body                 intcode_body 000000
__Lintcodelo                    intcodelo    000062
__Lintentry                     intentry     000000
__Lintret                       intret       000000
__Lintsave_regs                 intsave_regs 000000
__Lirdata                       irdata       000000
__Lmediumconst                  mediumconst  000000
__LnvFARRAM                     nvFARRAM     000000
__Lnvbit                        nvbit        000000
__Lnvrram                       nvrram       000000
__Lparam                        rparam       000000
__Lpowerup                      powerup      000062
__Lram                          ram          000000
__Lramtop                       ramtop       001000
__Lrbit                         rbit         000000
__Lrbss                         rbss         000000
__Lrdata                        rdata        000000
__Lreset_vec                    reset_vec    000000
__Lrparam                       rparam       000000
__Lsfr                          sfr          000000
__Lsmallconst                   smallconst   001000
__Lspace_0                      (abs)        000000
__Lspace_1                      (abs)        000000
__Lspace_2                      (abs)        000000
__Lstack                        stack        000000
__Lstruct                       struct       000000
__Ltemp                         temp         000047
__Ltext                         text         000000
__Ltext0                        text0        000000
__Ltext1                        text1        000000
__Ltext10                       text10       000000
__Ltext11                       text11       000000
__Ltext12                       text12       000000
__Ltext13                       text13       000000
__Ltext14                       text14       000000
__Ltext15                       text15       000000
__Ltext16                       text16       000000
__Ltext17                       text17       000000
__Ltext18                       text18       000000
__Ltext19                       text19       000000
__Ltext2                        text2        000000
__Ltext20                       text20       000000
__Ltext21                       text21       000000
__Ltext22                       text22       000000
__Ltext23                       text23       000000
__Ltext3                        text3        000000
__Ltext4                        text4        000000
__Ltext5                        text5        000000
__Ltext6                        text6        000000
__Ltext7                        text7        000000
__Ltext8                        text8        000000
__Ltext9                        text9        000000
__S0                            (abs)        30000E
__S1                            (abs)        0000A0
__S2                            (abs)        000000
___fladd                        text15       004566
___fladd@a                      cstackCOMRAM 000006
___fladd@aexp                   cstackCOMRAM 00000F
___fladd@b                      cstackCOMRAM 000002
___fladd@bexp                   cstackCOMRAM 000010
___fladd@grs                    cstackCOMRAM 000011
___fladd@signs                  cstackCOMRAM 00000E
___fldiv                        text16       004872
___fldiv@a                      cstackCOMRAM 000014
___fldiv@aexp                   cstackCOMRAM 000028
___fldiv@b                      cstackCOMRAM 000010
___fldiv@bexp                   cstackCOMRAM 000027
___fldiv@grs                    cstackCOMRAM 000023
___fldiv@new_exp                cstackCOMRAM 000021
___fldiv@rem                    cstackCOMRAM 00001C
___fldiv@sign                   cstackCOMRAM 000020
___flsub                        text14       00525C
___flsub@a                      cstackCOMRAM 00002D
___flsub@b                      cstackCOMRAM 000029
___fltol                        text13       0050DA
___fltol@exp1                   cstackCOMRAM 00003A
___fltol@f1                     cstackCOMRAM 000031
___fltol@sign1                  cstackCOMRAM 000039
___inthi_sp                     stack        000000
___intlo_sp                     stack        000000
___param_bank                   (abs)        000000
___rparam_used                  (abs)        000001
___sp                           stack        000000
___wmul                         text20       00538A
___wmul@multiplicand            cstackCOMRAM 000004
___wmul@multiplier              cstackCOMRAM 000002
___wmul@product                 cstackCOMRAM 000006
___xxtofl                       text12       004AFA
___xxtofl@arg                   cstackCOMRAM 00000C
___xxtofl@exp                   cstackCOMRAM 00000B
___xxtofl@sign                  cstackCOMRAM 00000A
___xxtofl@val                   cstackCOMRAM 000002
__accesstop                     (abs)        000060
__activetblptr                  (abs)        000002
__end_of_Beep                   text11       004E74
__end_of_ISR                    intcode      000062
__end_of_OSCILLATOR_Initialize  text23       005426
__end_of_TIMER1_Initialize      text22       0053EC
__end_of_UART_Initialize        text21       005364
__end_of___fladd                text15       004872
__end_of___fldiv                text16       004AFA
__end_of___flsub                text14       0052A2
__end_of___fltol                text13       005194
__end_of___wmul                 text20       0053B0
__end_of___xxtofl               text12       004C3A
__end_of__initialization        cinit        0053C4
__end_of_atoi                   text17       004D74
__end_of_badineri               text9        004566
__end_of_fputc                  text7        005206
__end_of_isdigit                text19       005310
__end_of_isspace                text18       0052E0
__end_of_main                   text0        004F4C
__end_of_printf                 text4        00538A
__end_of_putch                  text8        005432
__end_of_putchar                text3        005402
__end_of_read_char              text2        005416
__end_of_read_line              text1        0050DA
__end_of_sleep                  text10       00533C
__end_of_vfpfcnvrt              text6        00501C
__end_of_vfprintf               text5        00525C
__initialization                cinit        0053B0
__mediumconst                   mediumconst  000000
__pbssBANK0                     bssBANK0     000060
__pbssCOMRAM                    bssCOMRAM    000043
__pcinit                        cinit        0053B0
__pcstackBANK0                  cstackBANK0  000088
__pcstackCOMRAM                 cstackCOMRAM 000001
__pintcode                      intcode      000008
__psmallconst                   smallconst   001000
__ptext0                        text0        004E74
__ptext1                        text1        00501C
__ptext10                       text10       005310
__ptext11                       text11       004D74
__ptext12                       text12       004AFA
__ptext13                       text13       0050DA
__ptext14                       text14       00525C
__ptext15                       text15       004566
__ptext16                       text16       004872
__ptext17                       text17       004C3A
__ptext18                       text18       0052A2
__ptext19                       text19       0052E0
__ptext2                        text2        005402
__ptext20                       text20       00538A
__ptext21                       text21       00533C
__ptext22                       text22       0053D2
__ptext23                       text23       005416
__ptext3                        text3        0053EC
__ptext4                        text4        005364
__ptext5                        text5        005206
__ptext6                        text6        004F4C
__ptext7                        text7        005194
__ptext8                        text8        005426
__ptext9                        text9        001040
__ramtop                        ramtop       001000
__size_of_Beep                  (abs)        000000
__size_of_ISR                   (abs)        000000
__size_of_OSCILLATOR_Initialize (abs)        000000
__size_of_TIMER1_Initialize     (abs)        000000
__size_of_UART_Initialize       (abs)        000000
__size_of___fladd               (abs)        000000
__size_of___fldiv               (abs)        000000
__size_of___flsub               (abs)        000000
__size_of___fltol               (abs)        000000
__size_of___wmul                (abs)        000000
__size_of___xxtofl              (abs)        000000
__size_of_atoi                  (abs)        000000
__size_of_badineri              (abs)        000000
__size_of_fputc                 (abs)        000000
__size_of_isdigit               (abs)        000000
__size_of_isspace               (abs)        000000
__size_of_main                  (abs)        000000
__size_of_printf                (abs)        000000
__size_of_putch                 (abs)        000000
__size_of_putchar               (abs)        000000
__size_of_read_char             (abs)        000000
__size_of_read_line             (abs)        000000
__size_of_sleep                 (abs)        000000
__size_of_vfpfcnvrt             (abs)        000000
__size_of_vfprintf              (abs)        000000
__smallconst                    smallconst   001000
_atoi                           text17       004C3A
_atoi$1269                      cstackCOMRAM 000011
_atoi$1270                      cstackCOMRAM 000015
_atoi$1271                      cstackCOMRAM 000013
_badineri                       text9        001040
_cnt                            bssCOMRAM    000046
_flags                          bssBANK0     000086
_fputc                          text7        005194
_isdigit                        text19       0052E0
_isspace                        text18       0052A2
_isspace$1287                   cstackCOMRAM 000008
_main                           text0        004E74
_nout                           bssBANK0     000080
_offset                         bssCOMRAM    000043
_on                             bssCOMRAM    000045
_prec                           bssBANK0     000084
_printf                         text4        005364
_putch                          text8        005426
_putchar                        text3        0053EC
_read_char                      text2        005402
_read_line                      text1        00501C
_sleep                          text10       005310
_vfpfcnvrt                      text6        004F4C
_vfprintf                       text5        005206
_width                          bssBANK0     000082
atoi@n                          cstackCOMRAM 000016
atoi@neg                        cstackCOMRAM 00000F
atoi@s                          cstackCOMRAM 000009
btemp                           temp         000047
end_of_initialization           cinit        0053C4
fputc@c                         cstackCOMRAM 000003
fputc@fp                        cstackCOMRAM 000005
int$flags                       temp         000047
intlevel0                       text         000000
intlevel1                       text         000000
intlevel2                       text         000000
intlevel3                       text         000000
isdigit@c                       cstackCOMRAM 000002
isspace@c                       cstackCOMRAM 000002
main@f                          cstackBANK0  00009C
main@ms                         cstackBANK0  00009E
main@str                        cstackBANK0  000088
printf@ap                       cstackCOMRAM 00001E
printf@fmt                      cstackCOMRAM 00001A
putch@c                         cstackCOMRAM 000002
putchar@c                       cstackCOMRAM 00000C
read_line@c                     cstackCOMRAM 000015
read_line@i                     cstackCOMRAM 000013
read_line@max_len               cstackCOMRAM 000010
read_line@s                     cstackCOMRAM 00000E
sleep@i                         cstackCOMRAM 000005
sleep@ms                        cstackCOMRAM 000002
stackhi                         (abs)        000F37
stacklo                         (abs)        0000A0
start                           init         000062
start_initialization            cinit        0053B0
ttemp5                          temp         000048
ttemp6                          temp         00004B
ttemp7                          temp         00004F
vfpfcnvrt@ap                    cstackCOMRAM 000010
vfpfcnvrt@fmt                   cstackCOMRAM 00000E
vfpfcnvrt@fp                    cstackCOMRAM 00000C
vfprintf@ap                     cstackCOMRAM 000016
vfprintf@cfmt                   cstackCOMRAM 000018
vfprintf@fmt                    cstackCOMRAM 000014
vfprintf@fp                     cstackCOMRAM 000012
wtemp8                          temp         000048


FUNCTION INFORMATION:

 *************** function _main *****************
 Defined at:
		line 38 in file "main.c"
 Parameters:    Size  Location     Type
		None
 Auto vars:     Size  Location     Type
  str            20    0[BANK0 ] unsigned char [20]
  ms              2   22[BANK0 ] int 
  f               2   20[BANK0 ] int 
 Return value:  Size  Location     Type
                  1    wreg      void 
 Registers used:
		wreg, fsr1l, fsr1h, fsr2l, fsr2h, status,2, status,0, tblptrl, tblptrh, tblptru, prodl, prodh, cstack
 Tracked objects:
		On entry : 
		On exit  : 
		Unchanged: 
 Data sizes:     COMRAM   BANK0   BANK1   BANK2   BANK3   BANK4   BANK5   BANK6   BANK7   BANK8   BANK9  BANK10  BANK11  BANK12  BANK13  BANK14  BANK15
      Params:         0       0       0       0       0       0       0       0       0       0       0       0       0       0       0       0       0
      Locals:         0      24       0       0       0       0       0       0       0       0       0       0       0       0       0       0       0
      Temps:          1       0       0       0       0       0       0       0       0       0       0       0       0       0       0       0       0
      Totals:         1      24       0       0       0       0       0       0       0       0       0       0       0       0       0       0       0
Total ram usage:       25 bytes
 Hardware stack levels required when called:    6
 This function calls:
		_Beep
		_OSCILLATOR_Initialize
		_TIMER1_Initialize
		_UART_Initialize
		_atoi
		_badineri
		_printf
		_read_line
		_sleep
 This function is called by:
		Startup code after reset
 This function uses a non-reentrant model


 *************** function _read_line *****************
 Defined at:
		line 129 in file "main.c"
 Parameters:    Size  Location     Type
  s               2   13[COMRAM] PTR unsigned char 
		 -> main@str(20), 
  max_len         2   15[COMRAM] int 
 Auto vars:     Size  Location     Type
  c               1   20[COMRAM] unsigned char 
  i               2   18[COMRAM] int 
 Return value:  Size  Location     Type
                  1    wreg      void 
 Registers used:
		wreg, fsr1l, fsr1h, fsr2l, fsr2h, status,2, status,0, cstack
 Tracked objects:
		On entry : 
		On exit  : 
		Unchanged: 
 Data sizes:     COMRAM   BANK0   BANK1   BANK2   BANK3   BANK4   BANK5   BANK6   BANK7   BANK8   BANK9  BANK10  BANK11  BANK12  BANK13  BANK14  BANK15
      Params:         4       0       0       0       0       0       0       0       0       0       0       0       0       0       0       0       0
      Locals:         3       0       0       0       0       0       0       0       0       0       0       0       0       0       0       0       0
      Temps:          1       0       0       0       0       0       0       0       0       0       0       0       0       0       0       0       0
      Totals:         8       0       0       0       0       0       0       0       0       0       0       0       0       0       0       0       0
Total ram usage:        8 bytes
 Hardware stack levels used:    1
 Hardware stack levels required when called:    4
 This function calls:
		_putchar
		_read_char
 This function is called by:
		_main
 This function uses a non-reentrant model


 *************** function _read_char *****************
 Defined at:
		line 118 in file "main.c"
 Parameters:    Size  Location     Type
		None
 Auto vars:     Size  Location     Type
		None
 Return value:  Size  Location     Type
                  1    wreg      unsigned char 
 Registers used:
		wreg, status,2
 Tracked objects:
		On entry : 
		On exit  : 
		Unchanged: 
 Data sizes:     COMRAM   BANK0   BANK1   BANK2   BANK3   BANK4   BANK5   BANK6   BANK7   BANK8   BANK9  BANK10  BANK11  BANK12  BANK13  BANK14  BANK15
      Params:         0       0       0       0       0       0       0       0       0       0       0       0       0       0       0       0       0
      Locals:         0       0       0       0       0       0       0       0       0       0       0       0       0       0       0       0       0
      Temps:          0       0       0       0       0       0       0       0       0       0       0       0       0       0       0       0       0
      Totals:         0       0       0       0       0       0       0       0       0       0       0       0       0       0       0       0       0
Total ram usage:        0 bytes
 Hardware stack levels used:    1
 Hardware stack levels required when called:    1
 This function calls:
		Nothing
 This function is called by:
		_read_line
 This function uses a non-reentrant model


 *************** function _putchar *****************
 Defined at:
		line 4 in file "C:\Program Files (x86)\Microchip\xc8\v2.05\pic\sources\c99\common\putchar.c"
 Parameters:    Size  Location     Type
  c               2   11[COMRAM] int 
 Auto vars:     Size  Location     Type
		None
 Return value:  Size  Location     Type
                  2   11[COMRAM] int 
 Registers used:
		wreg, fsr1l, fsr1h, fsr2l, fsr2h, status,2, status,0, cstack
 Tracked objects:
		On entry : 
		On exit  : 
		Unchanged: 
 Data sizes:     COMRAM   BANK0   BANK1   BANK2   BANK3   BANK4   BANK5   BANK6   BANK7   BANK8   BANK9  BANK10  BANK11  BANK12  BANK13  BANK14  BANK15
      Params:         2       0       0       0       0       0       0       0       0       0       0       0       0       0       0       0       0
      Locals:         0       0       0       0       0       0       0       0       0       0       0       0       0       0       0       0       0
      Temps:          0       0       0       0       0       0       0       0       0       0       0       0       0       0       0       0       0
      Totals:         2       0       0       0       0       0       0       0       0       0       0       0       0       0       0       0       0
Total ram usage:        2 bytes
 Hardware stack levels used:    1
 Hardware stack levels required when called:    3
 This function calls:
		_fputc
 This function is called by:
		_read_line
 This function uses a non-reentrant model


 *************** function _printf *****************
 Defined at:
		line 5 in file "C:\Program Files (x86)\Microchip\xc8\v2.05\pic\sources\c99\common\printf.c"
 Parameters:    Size  Location     Type
  fmt             2   25[COMRAM] PTR const unsigned char 
		 -> STR_3(32), STR_2(19), STR_1(10), 
 Auto vars:     Size  Location     Type
  ap              2   29[COMRAM] PTR void [1]
		 -> ?_printf(2), 
  ret             2    0        int 
 Return value:  Size  Location     Type
                  2   25[COMRAM] int 
 Registers used:
		wreg, fsr1l, fsr1h, fsr2l, fsr2h, status,2, status,0, tblptrl, tblptrh, tblptru, cstack
 Tracked objects:
		On entry : 
		On exit  : 
		Unchanged: 
 Data sizes:     COMRAM   BANK0   BANK1   BANK2   BANK3   BANK4   BANK5   BANK6   BANK7   BANK8   BANK9  BANK10  BANK11  BANK12  BANK13  BANK14  BANK15
      Params:         2       0       0       0       0       0       0       0       0       0       0       0       0       0       0       0       0
      Locals:         4       0       0       0       0       0       0       0       0       0       0       0       0       0       0       0       0
      Temps:          0       0       0       0       0       0       0       0       0       0       0       0       0       0       0       0       0
      Totals:         6       0       0       0       0       0       0       0       0       0       0       0       0       0       0       0       0
Total ram usage:        6 bytes
 Hardware stack levels used:    1
 Hardware stack levels required when called:    5
 This function calls:
		_vfprintf
 This function is called by:
		_main
 This function uses a non-reentrant model


 *************** function _vfprintf *****************
 Defined at:
		line 1368 in file "C:\Program Files (x86)\Microchip\xc8\v2.05\pic\sources\c99\common\doprnt.c"
 Parameters:    Size  Location     Type
  fp              2   17[COMRAM] PTR struct _IO_FILE
		 -> NULL(0), 
  fmt             2   19[COMRAM] PTR const unsigned char 
		 -> STR_3(32), STR_2(19), STR_1(10), 
  ap              2   21[COMRAM] PTR PTR void 
		 -> printf@ap(2), 
 Auto vars:     Size  Location     Type
  cfmt            2   23[COMRAM] PTR unsigned char 
		 -> STR_3(32), STR_2(19), STR_1(10), 
 Return value:  Size  Location     Type
                  2   17[COMRAM] int 
 Registers used:
		wreg, fsr1l, fsr1h, fsr2l, fsr2h, status,2, status,0, tblptrl, tblptrh, tblptru, cstack
 Tracked objects:
		On entry : 
		On exit  : 
		Unchanged: 
 Data sizes:     COMRAM   BANK0   BANK1   BANK2   BANK3   BANK4   BANK5   BANK6   BANK7   BANK8   BANK9  BANK10  BANK11  BANK12  BANK13  BANK14  BANK15
      Params:         6       0       0       0       0       0       0       0       0       0       0       0       0       0       0       0       0
      Locals:         2       0       0       0       0       0       0       0       0       0       0       0       0       0       0       0       0
      Temps:          0       0       0       0       0       0       0       0       0       0       0       0       0       0       0       0       0
      Totals:         8       0       0       0       0       0       0       0       0       0       0       0       0       0       0       0       0
Total ram usage:        8 bytes
 Hardware stack levels used:    1
 Hardware stack levels required when called:    4
 This function calls:
		_vfpfcnvrt
 This function is called by:
		_printf
 This function uses a non-reentrant model


 *************** function _vfpfcnvrt *****************
 Defined at:
		line 670 in file "C:\Program Files (x86)\Microchip\xc8\v2.05\pic\sources\c99\common\doprnt.c"
 Parameters:    Size  Location     Type
  fp              2   11[COMRAM] PTR struct _IO_FILE
		 -> NULL(0), 
  fmt             2   13[COMRAM] PTR PTR unsigned char 
		 -> vfprintf@cfmt(2), 
  ap              2   15[COMRAM] PTR PTR void 
		 -> printf@ap(2), 
 Auto vars:     Size  Location     Type
  llu             8    0        unsigned long long 
  ll              8    0        long long 
  f               4    0        long long 
  vp              3    0        PTR void 
  ct              3    0        unsigned char [3]
  cp              3    0        PTR unsigned char 
  i               2    0        int 
  done            2    0        int 
  c               1    0        unsigned char 
 Return value:  Size  Location     Type
                  2   11[COMRAM] int 
 Registers used:
		wreg, fsr1l, fsr1h, fsr2l, fsr2h, status,2, status,0, tblptrl, tblptrh, tblptru, cstack
 Tracked objects:
		On entry : 
		On exit  : 
		Unchanged: 
 Data sizes:     COMRAM   BANK0   BANK1   BANK2   BANK3   BANK4   BANK5   BANK6   BANK7   BANK8   BANK9  BANK10  BANK11  BANK12  BANK13  BANK14  BANK15
      Params:         6       0       0       0       0       0       0       0       0       0       0       0       0       0       0       0       0
      Locals:         0       0       0       0       0       0       0       0       0       0       0       0       0       0       0       0       0
      Temps:          0       0       0       0       0       0       0       0       0       0       0       0       0       0       0       0       0
      Totals:         6       0       0       0       0       0       0       0       0       0       0       0       0       0       0       0       0
Total ram usage:        6 bytes
 Hardware stack levels used:    1
 Hardware stack levels required when called:    3
 This function calls:
		_fputc
 This function is called by:
		_vfprintf
 This function uses a non-reentrant model


 *************** function _fputc *****************
 Defined at:
		line 8 in file "C:\Program Files (x86)\Microchip\xc8\v2.05\pic\sources\c99\common\nf_fputc.c"
 Parameters:    Size  Location     Type
  c               2    2[COMRAM] int 
  fp              2    4[COMRAM] PTR struct _IO_FILE
		 -> NULL(0), 
 Auto vars:     Size  Location     Type
		None
 Return value:  Size  Location     Type
                  2    2[COMRAM] int 
 Registers used:
		wreg, fsr1l, fsr1h, fsr2l, fsr2h, status,2, status,0, cstack
 Tracked objects:
		On entry : 
		On exit  : 
		Unchanged: 
 Data sizes:     COMRAM   BANK0   BANK1   BANK2   BANK3   BANK4   BANK5   BANK6   BANK7   BANK8   BANK9  BANK10  BANK11  BANK12  BANK13  BANK14  BANK15
      Params:         4       0       0       0       0       0       0       0       0       0       0       0       0       0       0       0       0
      Locals:         0       0       0       0       0       0       0       0       0       0       0       0       0       0       0       0       0
      Temps:          5       0       0       0       0       0       0       0       0       0       0       0       0       0       0       0       0
      Totals:         9       0       0       0       0       0       0       0       0       0       0       0       0       0       0       0       0
Total ram usage:        9 bytes
 Hardware stack levels used:    1
 Hardware stack levels required when called:    2
 This function calls:
		_putch
 This function is called by:
		_vfpfcnvrt
		_putchar
 This function uses a non-reentrant model


 *************** function _putch *****************
 Defined at:
		line 111 in file "main.c"
 Parameters:    Size  Location     Type
  c               1    wreg     unsigned char 
 Auto vars:     Size  Location     Type
  c               1    1[COMRAM] unsigned char 
 Return value:  Size  Location     Type
                  1    wreg      void 
 Registers used:
		wreg
 Tracked objects:
		On entry : 
		On exit  : 
		Unchanged: 
 Data sizes:     COMRAM   BANK0   BANK1   BANK2   BANK3   BANK4   BANK5   BANK6   BANK7   BANK8   BANK9  BANK10  BANK11  BANK12  BANK13  BANK14  BANK15
      Params:         0       0       0       0       0       0       0       0       0       0       0       0       0       0       0       0       0
      Locals:         1       0       0       0       0       0       0       0       0       0       0       0       0       0       0       0       0
      Temps:          0       0       0       0       0       0       0       0       0       0       0       0       0       0       0       0       0
      Totals:         1       0       0       0       0       0       0       0       0       0       0       0       0       0       0       0       0
Total ram usage:        1 bytes
 Hardware stack levels used:    1
 Hardware stack levels required when called:    1
 This function calls:
		Nothing
 This function is called by:
		_fputc
 This function uses a non-reentrant model


 *************** function _badineri *****************
 Defined at:
		line 187 in file "main.c"
 Parameters:    Size  Location     Type
		None
 Auto vars:     Size  Location     Type
		None
 Return value:  Size  Location     Type
                  1    wreg      void 
 Registers used:
		wreg, status,2, status,0, cstack
 Tracked objects:
		On entry : 
		On exit  : 
		Unchanged: 
 Data sizes:     COMRAM   BANK0   BANK1   BANK2   BANK3   BANK4   BANK5   BANK6   BANK7   BANK8   BANK9  BANK10  BANK11  BANK12  BANK13  BANK14  BANK15
      Params:         0       0       0       0       0       0       0       0       0       0       0       0       0       0       0       0       0
      Locals:         0       0       0       0       0       0       0       0       0       0       0       0       0       0       0       0       0
      Temps:          0       0       0       0       0       0       0       0       0       0       0       0       0       0       0       0       0
      Totals:         0       0       0       0       0       0       0       0       0       0       0       0       0       0       0       0       0
Total ram usage:        0 bytes
 Hardware stack levels used:    1
 Hardware stack levels required when called:    4
 This function calls:
		_Beep
		_sleep
 This function is called by:
		_main
 This function uses a non-reentrant model


 *************** function _sleep *****************
 Defined at:
		line 167 in file "main.c"
 Parameters:    Size  Location     Type
  ms              2    1[COMRAM] unsigned short 
 Auto vars:     Size  Location     Type
  i               2    4[COMRAM] int 
 Return value:  Size  Location     Type
                  1    wreg      void 
 Registers used:
		wreg, status,2, status,0
 Tracked objects:
		On entry : 
		On exit  : 
		Unchanged: 
 Data sizes:     COMRAM   BANK0   BANK1   BANK2   BANK3   BANK4   BANK5   BANK6   BANK7   BANK8   BANK9  BANK10  BANK11  BANK12  BANK13  BANK14  BANK15
      Params:         2       0       0       0       0       0       0       0       0       0       0       0       0       0       0       0       0
      Locals:         2       0       0       0       0       0       0       0       0       0       0       0       0       0       0       0       0
      Temps:          1       0       0       0       0       0       0       0       0       0       0       0       0       0       0       0       0
      Totals:         5       0       0       0       0       0       0       0       0       0       0       0       0       0       0       0       0
Total ram usage:        5 bytes
 Hardware stack levels used:    1
 Hardware stack levels required when called:    1
 This function calls:
		Nothing
 This function is called by:
		_main
		_badineri
 This function uses a non-reentrant model


 *************** function _Beep *****************
 Defined at:
		line 155 in file "main.c"
 Parameters:    Size  Location     Type
  frequency       2   58[COMRAM] unsigned short 
  duration        2   60[COMRAM] unsigned short 
 Auto vars:     Size  Location     Type
  i               2   63[COMRAM] int 
 Return value:  Size  Location     Type
                  1    wreg      void 
 Registers used:
		wreg, status,2, status,0, cstack
 Tracked objects:
		On entry : 
		On exit  : 
		Unchanged: 
 Data sizes:     COMRAM   BANK0   BANK1   BANK2   BANK3   BANK4   BANK5   BANK6   BANK7   BANK8   BANK9  BANK10  BANK11  BANK12  BANK13  BANK14  BANK15
      Params:         4       0       0       0       0       0       0       0       0       0       0       0       0       0       0       0       0
      Locals:         2       0       0       0       0       0       0       0       0       0       0       0       0       0       0       0       0
      Temps:          1       0       0       0       0       0       0       0       0       0       0       0       0       0       0       0       0
      Totals:         7       0       0       0       0       0       0       0       0       0       0       0       0       0       0       0       0
Total ram usage:        7 bytes
 Hardware stack levels used:    1
 Hardware stack levels required when called:    3
 This function calls:
		___fldiv
		___flsub
		___fltol
		___xxtofl
 This function is called by:
		_main
		_badineri
 This function uses a non-reentrant model


 *************** function ___xxtofl *****************
 Defined at:
		line 10 in file "C:\Program Files (x86)\Microchip\xc8\v2.05\pic\sources\c99\common\xxtofl.c"
 Parameters:    Size  Location     Type
  sign            1    wreg     unsigned char 
  val             4    1[COMRAM] long 
 Auto vars:     Size  Location     Type
  sign            1    9[COMRAM] unsigned char 
  arg             4   11[COMRAM] unsigned long 
  exp             1   10[COMRAM] unsigned char 
 Return value:  Size  Location     Type
                  4    1[COMRAM] unsigned char 
 Registers used:
		wreg, status,2, status,0
 Tracked objects:
		On entry : 
		On exit  : 
		Unchanged: 
 Data sizes:     COMRAM   BANK0   BANK1   BANK2   BANK3   BANK4   BANK5   BANK6   BANK7   BANK8   BANK9  BANK10  BANK11  BANK12  BANK13  BANK14  BANK15
      Params:         4       0       0       0       0       0       0       0       0       0       0       0       0       0       0       0       0
      Locals:         6       0       0       0       0       0       0       0       0       0       0       0       0       0       0       0       0
      Temps:          4       0       0       0       0       0       0       0       0       0       0       0       0       0       0       0       0
      Totals:        14       0       0       0       0       0       0       0       0       0       0       0       0       0       0       0       0
Total ram usage:       14 bytes
 Hardware stack levels used:    1
 Hardware stack levels required when called:    1
 This function calls:
		Nothing
 This function is called by:
		_Beep
 This function uses a non-reentrant model


 *************** function ___fltol *****************
 Defined at:
		line 43 in file "C:\Program Files (x86)\Microchip\xc8\v2.05\pic\sources\c99\common\fltol.c"
 Parameters:    Size  Location     Type
  f1              4   48[COMRAM] unsigned char 
 Auto vars:     Size  Location     Type
  exp1            1   57[COMRAM] unsigned char 
  sign1           1   56[COMRAM] unsigned char 
 Return value:  Size  Location     Type
                  4   48[COMRAM] long 
 Registers used:
		wreg, status,2, status,0
 Tracked objects:
		On entry : 
		On exit  : 
		Unchanged: 
 Data sizes:     COMRAM   BANK0   BANK1   BANK2   BANK3   BANK4   BANK5   BANK6   BANK7   BANK8   BANK9  BANK10  BANK11  BANK12  BANK13  BANK14  BANK15
      Params:         4       0       0       0       0       0       0       0       0       0       0       0       0       0       0       0       0
      Locals:         2       0       0       0       0       0       0       0       0       0       0       0       0       0       0       0       0
      Temps:          4       0       0       0       0       0       0       0       0       0       0       0       0       0       0       0       0
      Totals:        10       0       0       0       0       0       0       0       0       0       0       0       0       0       0       0       0
Total ram usage:       10 bytes
 Hardware stack levels used:    1
 Hardware stack levels required when called:    1
 This function calls:
		Nothing
 This function is called by:
		_Beep
 This function uses a non-reentrant model


 *************** function ___flsub *****************
 Defined at:
		line 245 in file "C:\Program Files (x86)\Microchip\xc8\v2.05\pic\sources\c99\common\sprcadd.c"
 Parameters:    Size  Location     Type
  b               4   40[COMRAM] long 
  a               4   44[COMRAM] long 
 Auto vars:     Size  Location     Type
		None
 Return value:  Size  Location     Type
                  4   40[COMRAM] long 
 Registers used:
		wreg, status,2, status,0, cstack
 Tracked objects:
		On entry : 
		On exit  : 
		Unchanged: 
 Data sizes:     COMRAM   BANK0   BANK1   BANK2   BANK3   BANK4   BANK5   BANK6   BANK7   BANK8   BANK9  BANK10  BANK11  BANK12  BANK13  BANK14  BANK15
      Params:         8       0       0       0       0       0       0       0       0       0       0       0       0       0       0       0       0
      Locals:         0       0       0       0       0       0       0       0       0       0       0       0       0       0       0       0       0
      Temps:          0       0       0       0       0       0       0       0       0       0       0       0       0       0       0       0       0
      Totals:         8       0       0       0       0       0       0       0       0       0       0       0       0       0       0       0       0
Total ram usage:        8 bytes
 Hardware stack levels used:    1
 Hardware stack levels required when called:    2
 This function calls:
		___fladd
 This function is called by:
		_Beep
 This function uses a non-reentrant model


 *************** function ___fladd *****************
 Defined at:
		line 10 in file "C:\Program Files (x86)\Microchip\xc8\v2.05\pic\sources\c99\common\sprcadd.c"
 Parameters:    Size  Location     Type
  b               4    1[COMRAM] long 
  a               4    5[COMRAM] long 
 Auto vars:     Size  Location     Type
  grs             1   16[COMRAM] unsigned char 
  bexp            1   15[COMRAM] unsigned char 
  aexp            1   14[COMRAM] unsigned char 
  signs           1   13[COMRAM] unsigned char 
 Return value:  Size  Location     Type
                  4    1[COMRAM] unsigned char 
 Registers used:
		wreg, status,2, status,0
 Tracked objects:
		On entry : 
		On exit  : 
		Unchanged: 
 Data sizes:     COMRAM   BANK0   BANK1   BANK2   BANK3   BANK4   BANK5   BANK6   BANK7   BANK8   BANK9  BANK10  BANK11  BANK12  BANK13  BANK14  BANK15
      Params:         8       0       0       0       0       0       0       0       0       0       0       0       0       0       0       0       0
      Locals:         4       0       0       0       0       0       0       0       0       0       0       0       0       0       0       0       0
      Temps:          4       0       0       0       0       0       0       0       0       0       0       0       0       0       0       0       0
      Totals:        16       0       0       0       0       0       0       0       0       0       0       0       0       0       0       0       0
Total ram usage:       16 bytes
 Hardware stack levels used:    1
 Hardware stack levels required when called:    1
 This function calls:
		Nothing
 This function is called by:
		___flsub
 This function uses a non-reentrant model


 *************** function ___fldiv *****************
 Defined at:
		line 11 in file "C:\Program Files (x86)\Microchip\xc8\v2.05\pic\sources\c99\common\sprcdiv.c"
 Parameters:    Size  Location     Type
  b               4   15[COMRAM] unsigned char 
  a               4   19[COMRAM] unsigned char 
 Auto vars:     Size  Location     Type
  grs             4   34[COMRAM] unsigned long 
  rem             4   27[COMRAM] unsigned long 
  new_exp         2   32[COMRAM] short 
  aexp            1   39[COMRAM] unsigned char 
  bexp            1   38[COMRAM] unsigned char 
  sign            1   31[COMRAM] unsigned char 
 Return value:  Size  Location     Type
                  4   15[COMRAM] unsigned char 
 Registers used:
		wreg, status,2, status,0
 Tracked objects:
		On entry : 
		On exit  : 
		Unchanged: 
 Data sizes:     COMRAM   BANK0   BANK1   BANK2   BANK3   BANK4   BANK5   BANK6   BANK7   BANK8   BANK9  BANK10  BANK11  BANK12  BANK13  BANK14  BANK15
      Params:         8       0       0       0       0       0       0       0       0       0       0       0       0       0       0       0       0
      Locals:        13       0       0       0       0       0       0       0       0       0       0       0       0       0       0       0       0
      Temps:          4       0       0       0       0       0       0       0       0       0       0       0       0       0       0       0       0
      Totals:        25       0       0       0       0       0       0       0       0       0       0       0       0       0       0       0       0
Total ram usage:       25 bytes
 Hardware stack levels used:    1
 Hardware stack levels required when called:    1
 This function calls:
		Nothing
 This function is called by:
		_Beep
 This function uses a non-reentrant model


 *************** function _atoi *****************
 Defined at:
		line 4 in file "C:\Program Files (x86)\Microchip\xc8\v2.05\pic\sources\c99\common\atoi.c"
 Parameters:    Size  Location     Type
  s               2    8[COMRAM] PTR const unsigned char 
		 -> main@str(20), 
 Auto vars:     Size  Location     Type
  n               2   21[COMRAM] int 
  neg             2   14[COMRAM] int 
 Return value:  Size  Location     Type
                  2    8[COMRAM] int 
 Registers used:
		wreg, fsr2l, fsr2h, status,2, status,0, prodl, prodh, cstack
 Tracked objects:
		On entry : 
		On exit  : 
		Unchanged: 
 Data sizes:     COMRAM   BANK0   BANK1   BANK2   BANK3   BANK4   BANK5   BANK6   BANK7   BANK8   BANK9  BANK10  BANK11  BANK12  BANK13  BANK14  BANK15
      Params:         2       0       0       0       0       0       0       0       0       0       0       0       0       0       0       0       0
      Locals:         9       0       0       0       0       0       0       0       0       0       0       0       0       0       0       0       0
      Temps:          4       0       0       0       0       0       0       0       0       0       0       0       0       0       0       0       0
      Totals:        15       0       0       0       0       0       0       0       0       0       0       0       0       0       0       0       0
Total ram usage:       15 bytes
 Hardware stack levels used:    1
 Hardware stack levels required when called:    2
 This function calls:
		___wmul
		_isdigit
		_isspace
 This function is called by:
		_main
 This function uses a non-reentrant model


 *************** function _isspace *****************
 Defined at:
		line 5 in file "C:\Program Files (x86)\Microchip\xc8\v2.05\pic\sources\c99\common\isspace.c"
 Parameters:    Size  Location     Type
  c               2    1[COMRAM] int 
 Auto vars:     Size  Location     Type
		None
 Return value:  Size  Location     Type
                  2    1[COMRAM] int 
 Registers used:
		wreg, status,2, status,0
 Tracked objects:
		On entry : 
		On exit  : 
		Unchanged: 
 Data sizes:     COMRAM   BANK0   BANK1   BANK2   BANK3   BANK4   BANK5   BANK6   BANK7   BANK8   BANK9  BANK10  BANK11  BANK12  BANK13  BANK14  BANK15
      Params:         2       0       0       0       0       0       0       0       0       0       0       0       0       0       0       0       0
      Locals:         1       0       0       0       0       0       0       0       0       0       0       0       0       0       0       0       0
      Temps:          4       0       0       0       0       0       0       0       0       0       0       0       0       0       0       0       0
      Totals:         7       0       0       0       0       0       0       0       0       0       0       0       0       0       0       0       0
Total ram usage:        7 bytes
 Hardware stack levels used:    1
 Hardware stack levels required when called:    1
 This function calls:
		Nothing
 This function is called by:
		_atoi
 This function uses a non-reentrant model


 *************** function _isdigit *****************
 Defined at:
		line 5 in file "C:\Program Files (x86)\Microchip\xc8\v2.05\pic\sources\c99\common\isdigit.c"
 Parameters:    Size  Location     Type
  c               2    1[COMRAM] int 
 Auto vars:     Size  Location     Type
		None
 Return value:  Size  Location     Type
                  2    1[COMRAM] int 
 Registers used:
		wreg, status,2, status,0
 Tracked objects:
		On entry : 
		On exit  : 
		Unchanged: 
 Data sizes:     COMRAM   BANK0   BANK1   BANK2   BANK3   BANK4   BANK5   BANK6   BANK7   BANK8   BANK9  BANK10  BANK11  BANK12  BANK13  BANK14  BANK15
      Params:         2       0       0       0       0       0       0       0       0       0       0       0       0       0       0       0       0
      Locals:         0       0       0       0       0       0       0       0       0       0       0       0       0       0       0       0       0
      Temps:          4       0       0       0       0       0       0       0       0       0       0       0       0       0       0       0       0
      Totals:         6       0       0       0       0       0       0       0       0       0       0       0       0       0       0       0       0
Total ram usage:        6 bytes
 Hardware stack levels used:    1
 Hardware stack levels required when called:    1
 This function calls:
		Nothing
 This function is called by:
		_atoi
 This function uses a non-reentrant model


 *************** function ___wmul *****************
 Defined at:
		line 15 in file "C:\Program Files (x86)\Microchip\xc8\v2.05\pic\sources\c99\common\Umul16.c"
 Parameters:    Size  Location     Type
  multiplier      2    1[COMRAM] unsigned int 
  multiplicand    2    3[COMRAM] unsigned int 
 Auto vars:     Size  Location     Type
  product         2    5[COMRAM] unsigned int 
 Return value:  Size  Location     Type
                  2    1[COMRAM] unsigned int 
 Registers used:
		wreg, status,2, status,0, prodl, prodh
 Tracked objects:
		On entry : 
		On exit  : 
		Unchanged: 
 Data sizes:     COMRAM   BANK0   BANK1   BANK2   BANK3   BANK4   BANK5   BANK6   BANK7   BANK8   BANK9  BANK10  BANK11  BANK12  BANK13  BANK14  BANK15
      Params:         4       0       0       0       0       0       0       0       0       0       0       0       0       0       0       0       0
      Locals:         2       0       0       0       0       0       0       0       0       0       0       0       0       0       0       0       0
      Temps:          0       0       0       0       0       0       0       0       0       0       0       0       0       0       0       0       0
      Totals:         6       0       0       0       0       0       0       0       0       0       0       0       0       0       0       0       0
Total ram usage:        6 bytes
 Hardware stack levels used:    1
 Hardware stack levels required when called:    1
 This function calls:
		Nothing
 This function is called by:
		_atoi
 This function uses a non-reentrant model


 *************** function _UART_Initialize *****************
 Defined at:
		line 89 in file "main.c"
 Parameters:    Size  Location     Type
		None
 Auto vars:     Size  Location     Type
		None
 Return value:  Size  Location     Type
                  1    wreg      void 
 Registers used:
		wreg, status,2
 Tracked objects:
		On entry : 
		On exit  : 
		Unchanged: 
 Data sizes:     COMRAM   BANK0   BANK1   BANK2   BANK3   BANK4   BANK5   BANK6   BANK7   BANK8   BANK9  BANK10  BANK11  BANK12  BANK13  BANK14  BANK15
      Params:         0       0       0       0       0       0       0       0       0       0       0       0       0       0       0       0       0
      Locals:         0       0       0       0       0       0       0       0       0       0       0       0       0       0       0       0       0
      Temps:          0       0       0       0       0       0       0       0       0       0       0       0       0       0       0       0       0
      Totals:         0       0       0       0       0       0       0       0       0       0       0       0       0       0       0       0       0
Total ram usage:        0 bytes
 Hardware stack levels used:    1
 Hardware stack levels required when called:    1
 This function calls:
		Nothing
 This function is called by:
		_main
 This function uses a non-reentrant model


 *************** function _TIMER1_Initialize *****************
 Defined at:
		line 79 in file "main.c"
 Parameters:    Size  Location     Type
		None
 Auto vars:     Size  Location     Type
		None
 Return value:  Size  Location     Type
                  1    wreg      void 
 Registers used:
		wreg, status,2
 Tracked objects:
		On entry : 
		On exit  : 
		Unchanged: 
 Data sizes:     COMRAM   BANK0   BANK1   BANK2   BANK3   BANK4   BANK5   BANK6   BANK7   BANK8   BANK9  BANK10  BANK11  BANK12  BANK13  BANK14  BANK15
      Params:         0       0       0       0       0       0       0       0       0       0       0       0       0       0       0       0       0
      Locals:         0       0       0       0       0       0       0       0       0       0       0       0       0       0       0       0       0
      Temps:          0       0       0       0       0       0       0       0       0       0       0       0       0       0       0       0       0
      Totals:         0       0       0       0       0       0       0       0       0       0       0       0       0       0       0       0       0
Total ram usage:        0 bytes
 Hardware stack levels used:    1
 Hardware stack levels required when called:    1
 This function calls:
		Nothing
 This function is called by:
		_main
 This function uses a non-reentrant model


 *************** function _OSCILLATOR_Initialize *****************
 Defined at:
		line 69 in file "main.c"
 Parameters:    Size  Location     Type
		None
 Auto vars:     Size  Location     Type
		None
 Return value:  Size  Location     Type
                  1    wreg      void 
 Registers used:
		wreg, status,2
 Tracked objects:
		On entry : 
		On exit  : 
		Unchanged: 
 Data sizes:     COMRAM   BANK0   BANK1   BANK2   BANK3   BANK4   BANK5   BANK6   BANK7   BANK8   BANK9  BANK10  BANK11  BANK12  BANK13  BANK14  BANK15
      Params:         0       0       0       0       0       0       0       0       0       0       0       0       0       0       0       0       0
      Locals:         0       0       0       0       0       0       0       0       0       0       0       0       0       0       0       0       0
      Temps:          0       0       0       0       0       0       0       0       0       0       0       0       0       0       0       0       0
      Totals:         0       0       0       0       0       0       0       0       0       0       0       0       0       0       0       0       0
Total ram usage:        0 bytes
 Hardware stack levels used:    1
 Hardware stack levels required when called:    1
 This function calls:
		Nothing
 This function is called by:
		_main
 This function uses a non-reentrant model


 *************** function _ISR *****************
 Defined at:
		line 174 in file "main.c"
 Parameters:    Size  Location     Type
		None
 Auto vars:     Size  Location     Type
		None
 Return value:  Size  Location     Type
                  1    wreg      void 
 Registers used:
		wreg, status,2, status,0
 Tracked objects:
		On entry : 
		On exit  : 
		Unchanged: 
 Data sizes:     COMRAM   BANK0   BANK1   BANK2   BANK3   BANK4   BANK5   BANK6   BANK7   BANK8   BANK9  BANK10  BANK11  BANK12  BANK13  BANK14  BANK15
      Params:         0       0       0       0       0       0       0       0       0       0       0       0       0       0       0       0       0
      Locals:         0       0       0       0       0       0       0       0       0       0       0       0       0       0       0       0       0
      Temps:          1       0       0       0       0       0       0       0       0       0       0       0       0       0       0       0       0
      Totals:         1       0       0       0       0       0       0       0       0       0       0       0       0       0       0       0       0
Total ram usage:        1 bytes
 Hardware stack levels used:    1
 This function calls:
		Nothing
 This function is called by:
		Interrupt level 2
 This function uses a non-reentrant model



MODULE INFORMATION

Module		Function		Class		Link	Load	Size
C:\Program Files (x86)\Microchip\xc8\v2.05\pic\sources\c99\common\printf.c
		_printf        		CODE           	5364	0000	39

C:\Program Files (x86)\Microchip\xc8\v2.05\pic\sources\c99\common\printf.c estimated size: 39

C:\Program Files (x86)\Microchip\xc8\v2.05\pic\sources\c99\common\nf_fputc.c
		_fputc         		CODE           	5194	0000	115

C:\Program Files (x86)\Microchip\xc8\v2.05\pic\sources\c99\common\nf_fputc.c estimated size: 115

C:\Program Files (x86)\Microchip\xc8\v2.05\pic\sources\c99\common\putchar.c
		_putchar       		CODE           	53EC	0000	23

C:\Program Files (x86)\Microchip\xc8\v2.05\pic\sources\c99\common\putchar.c estimated size: 23

C:\Program Files (x86)\Microchip\xc8\v2.05\pic\sources\c99\common\xxtofl.c
		___xxtofl      		CODE           	4AFA	0000	321

C:\Program Files (x86)\Microchip\xc8\v2.05\pic\sources\c99\common\xxtofl.c estimated size: 321

C:\Program Files (x86)\Microchip\xc8\v2.05\pic\sources\c99\common\isspace.c
		_isspace       		CODE           	52A2	0000	63

C:\Program Files (x86)\Microchip\xc8\v2.05\pic\sources\c99\common\isspace.c estimated size: 63

C:\Program Files (x86)\Microchip\xc8\v2.05\pic\sources\c99\common\fltol.c
		___fltol       		CODE           	50DA	0000	187

C:\Program Files (x86)\Microchip\xc8\v2.05\pic\sources\c99\common\fltol.c estimated size: 187

C:\Program Files (x86)\Microchip\xc8\v2.05\pic\sources\c99\common\sprcdiv.c
		___fldiv       		CODE           	4872	0000	649

C:\Program Files (x86)\Microchip\xc8\v2.05\pic\sources\c99\common\sprcdiv.c estimated size: 649

C:\Program Files (x86)\Microchip\xc8\v2.05\pic\sources\c99\common\doprnt.c
		_vfpfcnvrt     		CODE           	4F4C	0000	209
		_vfprintf      		CODE           	5206	0000	87

C:\Program Files (x86)\Microchip\xc8\v2.05\pic\sources\c99\common\doprnt.c estimated size: 296

shared
		__initialization		CODE           	53B0	0000	21

shared estimated size: 21

C:\Program Files (x86)\Microchip\xc8\v2.05\pic\sources\c99\common\Umul16.c
		___wmul        		CODE           	538A	0000	39

C:\Program Files (x86)\Microchip\xc8\v2.05\pic\sources\c99\common\Umul16.c estimated size: 39

C:\Program Files (x86)\Microchip\xc8\v2.05\pic\sources\c99\common\atoi.c
		_atoi          		CODE           	4C3A	0000	315

C:\Program Files (x86)\Microchip\xc8\v2.05\pic\sources\c99\common\atoi.c estimated size: 315

main.c
		_ISR           		CODE           	0008	0000	91
		_putch         		CODE           	5426	0000	13
		_read_char     		CODE           	5402	0000	21
		_main          		CODE           	4E74	0000	217
		_TIMER1_Initialize		CODE           	53D2	0000	27
		_badineri      		CODE           	1040	0000	13607
		_OSCILLATOR_Initialize		CODE           	5416	0000	17
		_UART_Initialize		CODE           	533C	0000	41
		_sleep         		CODE           	5310	0000	45
		_Beep          		CODE           	4D74	0000	257
		_read_line     		CODE           	501C	0000	191

main.c estimated size: 14527

C:\Program Files (x86)\Microchip\xc8\v2.05\pic\sources\c99\common\isdigit.c
		_isdigit       		CODE           	52E0	0000	49

C:\Program Files (x86)\Microchip\xc8\v2.05\pic\sources\c99\common\isdigit.c estimated size: 49

C:\Program Files (x86)\Microchip\xc8\v2.05\pic\sources\c99\common\sprcadd.c
		___flsub       		CODE           	525C	0000	71
		___fladd       		CODE           	4566	0000	781

C:\Program Files (x86)\Microchip\xc8\v2.05\pic\sources\c99\common\sprcadd.c estimated size: 852

